== Anniversary Calendar ==
January:
  22: Mark Hairball — Birth (1946-01-22) · Furmany · age 0y 0m · 84 years
March:
   3: Harry Meowser — Birth (2000-03-03) · England · age 0y 0m · 30 years
August:
  14: George Meowser — Birth (1970-08-14) · England · age 0y 0m · 60 years
November:
  11: Abraham Meowser — Birth (1938-11-11) · Ur · age 0y 0m · 92 years
December:
   3: Abraham Meowser — Death (2020-12-03) · Ur · age 82y 0m · 10 years
   5: Sally Furball — Birth (1970-12-05) · Furida · age 0y 0m · 60 years
